OWNER=00
CLASS=0001
RRTTL=00000000
RTYPE=0002
RDATA=00
------
OWNER=00
CLASS=0001
RRTTL=00000E10
RTYPE=0002
RDATA=00
------
OWNER=00
CLASS=0001
RRTTL=FFFFFFFF
RTYPE=0002
RDATA=00
------
OWNER=00
CLASS=0001
RRTTL=00000001
RTYPE=0002
RDATA=00
------
OWNER=00
CLASS=0001
RRTTL=00000001
RTYPE=0002
RDATA=00
------
OWNER=00
CLASS=0001
RRTTL=0000003C
RTYPE=0002
RDATA=00
------
OWNER=00
CLASS=0001
RRTTL=0000003C
RTYPE=0002
RDATA=00
------
OWNER=00
CLASS=0001
RRTTL=00000E10
RTYPE=0002
RDATA=00
------
OWNER=00
CLASS=0001
RRTTL=00000E10
RTYPE=0002
RDATA=00
------
OWNER=00
CLASS=0001
RRTTL=00015180
RTYPE=0002
RDATA=00
------
OWNER=00
CLASS=0001
RRTTL=00015180
RTYPE=0002
RDATA=00
------
OWNER=00
CLASS=0001
RRTTL=00093A80
RTYPE=0002
RDATA=00
------
OWNER=00
CLASS=0001
RRTTL=00093A80
RTYPE=0002
RDATA=00
------
OWNER=00
CLASS=0001
RRTTL=000A9A4D
RTYPE=0002
RDATA=00
------
OWNER=00
CLASS=0001
RRTTL=00000079
RTYPE=0002
RDATA=00
------
WARNG=ZSCANNER_EBAD_NUMBER
------
WARNG=ZSCANNER_ENUMBER32_OVERFLOW
------
WARNG=ZSCANNER_ENUMBER32_OVERFLOW
------
WARNG=ZSCANNER_ENUMBER32_OVERFLOW
------
WARNG=ZSCANNER_EBAD_TIME_UNIT
------
