OWNER=013000
CLASS=0001
RRTTL=00000001
RTYPE=0002
RDATA=00
------
OWNER=016100
CLASS=0001
RRTTL=00000001
RTYPE=0002
RDATA=00
------
OWNER=016105746C64316100
CLASS=0001
RRTTL=00000001
RTYPE=0002
RDATA=05746C64316100
------
OWNER=016105746C64316200
CLASS=0001
RRTTL=00000001
RTYPE=0002
RDATA=05746C64316200
------
OWNER=013100
CLASS=0001
RRTTL=00000001
RTYPE=0002
RDATA=00
------
OWNER=016200
CLASS=0001
RRTTL=00000E10
RTYPE=0002
RDATA=00
------
OWNER=016205746C64316100
CLASS=0001
RRTTL=00000E10
RTYPE=0002
RDATA=05746C64316100
------
OWNER=013200
CLASS=0001
RRTTL=00000001
RTYPE=0002
RDATA=00
------
OWNER=016203746C6400
CLASS=0001
RRTTL=00000E10
RTYPE=0002
RDATA=03746C6400
------
OWNER=016205746C64316100
CLASS=0001
RRTTL=00000E10
RTYPE=0002
RDATA=05746C64316100
------
OWNER=013300
CLASS=0001
RRTTL=00000001
RTYPE=0002
RDATA=00
------
OWNER=0162035F615F052D622D632D032F642F00
CLASS=0001
RRTTL=00000E10
RTYPE=0002
RDATA=035F615F052D622D632D032F642F00
------
OWNER=016205746C64316100
CLASS=0001
RRTTL=00000E10
RTYPE=0002
RDATA=05746C64316100
------
OWNER=013400
CLASS=0001
RRTTL=00000001
RTYPE=0002
RDATA=00
------
OWNER=0162082030205C222E402A03746C6400
CLASS=0001
RRTTL=00000E10
RTYPE=0002
RDATA=082030205C222E402A03746C6400
------
OWNER=016205746C64316100
CLASS=0001
RRTTL=00000E10
RTYPE=0002
RDATA=05746C64316100
------
OWNER=013500
CLASS=0001
RRTTL=00000001
RTYPE=0002
RDATA=00
------
OWNER=016200
CLASS=0001
RRTTL=00000E10
RTYPE=0002
RDATA=00
------
OWNER=016205746C64316100
CLASS=0001
RRTTL=00000E10
RTYPE=0002
RDATA=05746C64316100
------
OWNER=013600
CLASS=0001
RRTTL=00000001
RTYPE=0002
RDATA=00
------
OWNER=016203746C6400
CLASS=0001
RRTTL=00000E10
RTYPE=0002
RDATA=03746C6400
------
OWNER=016205746C64316100
CLASS=0001
RRTTL=00000E10
RTYPE=0002
RDATA=05746C64316100
------
OWNER=013700
CLASS=0001
RRTTL=00000001
RTYPE=0002
RDATA=00
------
ERROR=ZSCANNER_EBAD_INCLUDE_FILENAME
------
