WARNG=ZSCANNER_EBAD_RDATA
------
ERROR=ZSCANNER_EUNPROCESSED_INCLUDE
------
