ERROR=ZSCANNER_EBAD_NUMBER
------
ERROR=ZSCANNER_EUNPROCESSED_INCLUDE
------
