OWNER=016200
CLASS=0001
RRTTL=00000E10
RTYPE=0002
RDATA=00
------
OWNER=016205746C64316100
CLASS=0001
RRTTL=00000E10
RTYPE=0002
RDATA=05746C64316100
------
