OWNER=00
CLASS=0001
RRTTL=00000001
RTYPE=001C
RDATA=00000000000000000000000000000000
------
OWNER=00
CLASS=0001
RRTTL=00000001
RTYPE=001C
RDATA=FFFFFFFFFFFFFFFFFFFFFFFFFFFFFFFF
------
OWNER=00
CLASS=0001
RRTTL=00000001
RTYPE=001C
RDATA=00000000000000000000000000000000
------
OWNER=00
CLASS=0001
RRTTL=00000001
RTYPE=001C
RDATA=00000000000000000000000000000000
------
OWNER=00
CLASS=0001
RRTTL=00000001
RTYPE=001C
RDATA=00000000000000000000000000000000
------
OWNER=00
CLASS=0001
RRTTL=00000001
RTYPE=001C
RDATA=00000000000000000000000001020304
------
OWNER=00
CLASS=0001
RRTTL=00000001
RTYPE=001C
RDATA=00000000000000000000000000000000
------
OWNER=00
CLASS=0001
RRTTL=00000001
RTYPE=001C
RDATA=00000000000000000000000000000000
------
WARNG=ZSCANNER_EBAD_ADDRESS_CHAR
------
WARNG=ZSCANNER_EBAD_ADDRESS_CHAR
------
WARNG=ZSCANNER_EBAD_HEX_CHAR
------
WARNG=ZSCANNER_EBAD_NUMBER
------
WARNG=ZSCANNER_EBAD_IPV6
------
WARNG=ZSCANNER_EBAD_IPV6
------
WARNG=ZSCANNER_EBAD_ADDRESS_CHAR
------
WARNG=ZSCANNER_EBAD_REST
------
WARNG=ZSCANNER_EBAD_HEX_RDATA
------
WARNG=ZSCANNER_EBAD_RDATA_LENGTH
------
