OWNER=00
CLASS=0001
RRTTL=00000001
RTYPE=0063
RDATA=0005746573743101FF057465737432
------
OWNER=00
CLASS=0001
RRTTL=00000001
RTYPE=0063
RDATA=00
------
OWNER=00
CLASS=0001
RRTTL=00000001
RTYPE=0063
RDATA=00
------
OWNER=00
CLASS=0001
RRTTL=00000001
RTYPE=0063
RDATA=00
------
OWNER=00
CLASS=0001
RRTTL=00000001
RTYPE=0063
RDATA=00
------
WARNG=ZSCANNER_EBAD_RDATA
------
