OWNER=00
CLASS=0001
RRTTL=00000001
RTYPE=0005
RDATA=0474657374076578616D706C6503636F6D00
------
OWNER=00
CLASS=0001
RRTTL=00000001
RTYPE=0005
RDATA=00
------
OWNER=00
CLASS=0001
RRTTL=00000001
RTYPE=0005
RDATA=00
------
OWNER=00
CLASS=0001
RRTTL=00000001
RTYPE=0005
RDATA=00
------
OWNER=00
CLASS=0001
RRTTL=00000001
RTYPE=0005
RDATA=00
------
WARNG=ZSCANNER_EBAD_RDATA
------
