OWNER=00
CLASS=0001
RRTTL=00000001
RTYPE=0024
RDATA=0001 046D61696C00
------
OWNER=00
CLASS=0001
RRTTL=00000001
RTYPE=0024
RDATA=0001 00
------
OWNER=00
CLASS=0001
RRTTL=00000001
RTYPE=0024
RDATA=0001 00
------
OWNER=00
CLASS=0001
RRTTL=00000001
RTYPE=0024
RDATA=0001 00
------
OWNER=00
CLASS=0001
RRTTL=00000001
RTYPE=0024
RDATA=0001 00
------
WARNG=ZSCANNER_EBAD_NUMBER
------
