OWNER=00
CLASS=0001
RRTTL=00000001
RTYPE=0011
RDATA=046D61696C00 046D61696C03746C6400
------
OWNER=00
CLASS=0001
RRTTL=00000001
RTYPE=0011
RDATA=00 00
------
OWNER=00
CLASS=0001
RRTTL=00000001
RTYPE=0011
RDATA=00 00
------
OWNER=00
CLASS=0001
RRTTL=00000001
RTYPE=0011
RDATA=00 00
------
OWNER=00
CLASS=0001
RRTTL=00000001
RTYPE=0011
RDATA=00 00
------
WARNG=ZSCANNER_EBAD_RDATA
------
