OWNER=00
CLASS=0001
RRTTL=00000001
RTYPE=0000
RDATA=
------
OWNER=00
CLASS=0001
RRTTL=00000001
RTYPE=FFFF
RDATA=
------
OWNER=00
CLASS=0001
RRTTL=00000001
RTYPE=D903
RDATA=
------
OWNER=00
CLASS=0001
RRTTL=00000001
RTYPE=D903
RDATA=00
------
OWNER=00
CLASS=0001
RRTTL=00000001
RTYPE=0001
RDATA=00000000
------
OWNER=00
CLASS=0001
RRTTL=00000001
RTYPE=0001
RDATA=00000000
------
OWNER=00
CLASS=0001
RRTTL=00000001
RTYPE=D903
RDATA=0102030405
------
OWNER=00
CLASS=0001
RRTTL=00000001
RTYPE=D903
RDATA=
------
WARNG=ZSCANNER_ECANNOT_TEXT_DATA
------
WARNG=ZSCANNER_ECANNOT_TEXT_DATA
------
WARNG=ZSCANNER_ENUMBER16_OVERFLOW
------
WARNG=ZSCANNER_EBAD_NUMBER
------
WARNG=ZSCANNER_EBAD_NUMBER
------
WARNG=ZSCANNER_EBAD_RDATA_LENGTH
------
WARNG=ZSCANNER_EBAD_RDATA_LENGTH
------
WARNG=ZSCANNER_EBAD_HEX_CHAR
------
