OWNER=00
CLASS=0001
RRTTL=00000001
RTYPE=0025
RDATA=000000000000
------
OWNER=00
CLASS=0001
RRTTL=00000001
RTYPE=0025
RDATA=FFFFFFFFFF00
------
OWNER=00
CLASS=0001
RRTTL=00000001
RTYPE=0025
RDATA=000100000000
------
OWNER=00
CLASS=0001
RRTTL=00000001
RTYPE=0025
RDATA=000200000000
------
OWNER=00
CLASS=0001
RRTTL=00000001
RTYPE=0025
RDATA=000300000000
------
OWNER=00
CLASS=0001
RRTTL=00000001
RTYPE=0025
RDATA=000400000000
------
OWNER=00
CLASS=0001
RRTTL=00000001
RTYPE=0025
RDATA=000500000000
------
OWNER=00
CLASS=0001
RRTTL=00000001
RTYPE=0025
RDATA=000600000000
------
OWNER=00
CLASS=0001
RRTTL=00000001
RTYPE=0025
RDATA=000700000000
------
OWNER=00
CLASS=0001
RRTTL=00000001
RTYPE=0025
RDATA=000800000000
------
OWNER=00
CLASS=0001
RRTTL=00000001
RTYPE=0025
RDATA=00FD00000000
------
OWNER=00
CLASS=0001
RRTTL=00000001
RTYPE=0025
RDATA=00FE00000000
------
OWNER=00
CLASS=0001
RRTTL=00000001
RTYPE=0025
RDATA=000000000100
------
OWNER=00
CLASS=0001
RRTTL=00000001
RTYPE=0025
RDATA=000000000200
------
OWNER=00
CLASS=0001
RRTTL=00000001
RTYPE=0025
RDATA=000000000300
------
OWNER=00
CLASS=0001
RRTTL=00000001
RTYPE=0025
RDATA=000000000500
------
OWNER=00
CLASS=0001
RRTTL=00000001
RTYPE=0025
RDATA=000000000600
------
OWNER=00
CLASS=0001
RRTTL=00000001
RTYPE=0025
RDATA=000000000700
------
OWNER=00
CLASS=0001
RRTTL=00000001
RTYPE=0025
RDATA=000000000800
------
OWNER=00
CLASS=0001
RRTTL=00000001
RTYPE=0025
RDATA=000000000A00
------
OWNER=00
CLASS=0001
RRTTL=00000001
RTYPE=0025
RDATA=000000000C00
------
OWNER=00
CLASS=0001
RRTTL=00000001
RTYPE=0025
RDATA=000000000D00
------
OWNER=00
CLASS=0001
RRTTL=00000001
RTYPE=0025
RDATA=000000000E00
------
OWNER=00
CLASS=0001
RRTTL=00000001
RTYPE=0025
RDATA=00000000FC00
------
OWNER=00
CLASS=0001
RRTTL=00000001
RTYPE=0025
RDATA=00000000FD00
------
OWNER=00
CLASS=0001
RRTTL=00000001
RTYPE=0025
RDATA=00000000FE00
------
OWNER=00
CLASS=0001
RRTTL=00000001
RTYPE=0025
RDATA=0000000000666F
------
OWNER=00
CLASS=0001
RRTTL=00000001
RTYPE=0025
RDATA=0000000000666F6F
------
OWNER=00
CLASS=0001
RRTTL=00000001
RTYPE=0025
RDATA=0000000000666F6F62
------
OWNER=00
CLASS=0001
RRTTL=00000001
RTYPE=0025
RDATA=0000000000666F6F6261
------
OWNER=00
CLASS=0001
RRTTL=00000001
RTYPE=0025
RDATA=000000000000
------
OWNER=00
CLASS=0001
RRTTL=00000001
RTYPE=0025
RDATA=000000000000
------
OWNER=00
CLASS=0001
RRTTL=00000001
RTYPE=0025
RDATA=000000000000
------
WARNG=ZSCANNER_EBAD_RDATA
------
WARNG=ZSCANNER_EBAD_RDATA
------
WARNG=ZSCANNER_EBAD_HEX_CHAR
------
WARNG=ZSCANNER_EBAD_NUMBER
------
WARNG=ZSCANNER_ENUMBER16_OVERFLOW
------
WARNG=ZSCANNER_EBAD_CERT_TYPE
------
WARNG=ZSCANNER_ENUMBER16_OVERFLOW
------
WARNG=ZSCANNER_ENUMBER8_OVERFLOW
------
WARNG=ZSCANNER_EBAD_BASE64_CHAR
------
WARNG=ZSCANNER_EBAD_BASE64_CHAR
------
WARNG=ZSCANNER_EBAD_BASE64_CHAR
------
WARNG=ZSCANNER_EBAD_BASE64_CHAR
------
WARNG=ZSCANNER_EBAD_BASE64_CHAR
------
WARNG=ZSCANNER_EBAD_RDATA
------
WARNG=ZSCANNER_EBAD_RDATA
------
WARNG=ZSCANNER_EBAD_RDATA
------
WARNG=ZSCANNER_EBAD_RDATA
------
WARNG=ZSCANNER_EBAD_RDATA
------
WARNG=ZSCANNER_EBAD_RDATA_LENGTH
------
WARNG=ZSCANNER_EBAD_RDATA_LENGTH
------
