OWNER=00
CLASS=0001
RRTTL=00000001
RTYPE=0030
RDATA=0000000000
------
OWNER=00
CLASS=0001
RRTTL=00000001
RTYPE=0030
RDATA=FFFFFFFF00
------
OWNER=00
CLASS=0001
RRTTL=00000001
RTYPE=0030
RDATA=0000000100
------
OWNER=00
CLASS=0001
RRTTL=00000001
RTYPE=0030
RDATA=00000000666F
------
OWNER=00
CLASS=0001
RRTTL=00000001
RTYPE=0030
RDATA=00000000666F6F
------
OWNER=00
CLASS=0001
RRTTL=00000001
RTYPE=0030
RDATA=00000000666F6F62
------
OWNER=00
CLASS=0001
RRTTL=00000001
RTYPE=0030
RDATA=00000000666F6F6261
------
OWNER=00
CLASS=0001
RRTTL=00000001
RTYPE=0030
RDATA=0000000000
------
OWNER=00
CLASS=0001
RRTTL=00000001
RTYPE=0030
RDATA=0000000000
------
OWNER=00
CLASS=0001
RRTTL=00000001
RTYPE=0030
RDATA=0000000000
------
WARNG=ZSCANNER_EBAD_NUMBER
------
WARNG=ZSCANNER_EBAD_NUMBER
------
WARNG=ZSCANNER_EBAD_HEX_CHAR
------
WARNG=ZSCANNER_EBAD_NUMBER
------
WARNG=ZSCANNER_ENUMBER16_OVERFLOW
------
WARNG=ZSCANNER_ENUMBER8_OVERFLOW
------
WARNG=ZSCANNER_ENUMBER8_OVERFLOW
------
WARNG=ZSCANNER_EBAD_BASE64_CHAR
------
WARNG=ZSCANNER_EBAD_BASE64_CHAR
------
WARNG=ZSCANNER_EBAD_BASE64_CHAR
------
WARNG=ZSCANNER_EBAD_BASE64_CHAR
------
WARNG=ZSCANNER_EBAD_BASE64_CHAR
------
WARNG=ZSCANNER_EBAD_RDATA
------
WARNG=ZSCANNER_EBAD_RDATA
------
WARNG=ZSCANNER_EBAD_RDATA
------
WARNG=ZSCANNER_EBAD_RDATA
------
WARNG=ZSCANNER_EBAD_RDATA
------
WARNG=ZSCANNER_EBAD_RDATA_LENGTH
------
WARNG=ZSCANNER_EBAD_RDATA_LENGTH
------
