OWNER=00
CLASS=0001
RRTTL=00000001
RTYPE=002A
RDATA=
------
OWNER=00
CLASS=0001
RRTTL=00000001
RTYPE=002A
RDATA=00010000
------
OWNER=00
CLASS=0001
RRTTL=00000001
RTYPE=002A
RDATA=00012004FFFFFFFF
------
OWNER=00
CLASS=0001
RRTTL=00000001
RTYPE=002A
RDATA=00011E04FFFFFFFF
------
OWNER=00
CLASS=0001
RRTTL=00000001
RTYPE=002A
RDATA=00020000
------
OWNER=00
CLASS=0001
RRTTL=00000001
RTYPE=002A
RDATA=00028000
------
OWNER=00
CLASS=0001
RRTTL=00000001
RTYPE=002A
RDATA=00020206FFFFFFFFFFFF
------
OWNER=00
CLASS=0001
RRTTL=00000001
RTYPE=002A
RDATA=00010080
------
OWNER=00
CLASS=0001
RRTTL=00000001
RTYPE=002A
RDATA=0001000000012004FFFFFFFF
------
OWNER=00
CLASS=0001
RRTTL=00000001
RTYPE=002A
RDATA=00010000
------
OWNER=00
CLASS=0001
RRTTL=00000001
RTYPE=002A
RDATA=00010000
------
OWNER=00
CLASS=0001
RRTTL=00000001
RTYPE=002A
RDATA=
------
OWNER=00
CLASS=0001
RRTTL=00000001
RTYPE=002A
RDATA=00010000
------
WARNG=ZSCANNER_EBAD_APL
------
WARNG=ZSCANNER_EBAD_APL
------
WARNG=ZSCANNER_EBAD_APL
------
WARNG=ZSCANNER_EBAD_APL
------
WARNG=ZSCANNER_EBAD_APL
------
WARNG=ZSCANNER_EBAD_IPV6
------
WARNG=ZSCANNER_EBAD_APL
------
WARNG=ZSCANNER_EBAD_APL
------
WARNG=ZSCANNER_EBAD_NUMBER
------
WARNG=ZSCANNER_EBAD_RDATA_LENGTH
------
WARNG=ZSCANNER_EBAD_RDATA_LENGTH
------
