OWNER=00
CLASS=0001
RRTTL=00000001
RTYPE=002B
RDATA=0000000000
------
OWNER=00
CLASS=0001
RRTTL=00000001
RTYPE=002B
RDATA=FFFFFFFF00
------
OWNER=00
CLASS=0001
RRTTL=00000001
RTYPE=002B
RDATA=0000010000
------
OWNER=00
CLASS=0001
RRTTL=00000001
RTYPE=002B
RDATA=0000000001020304
------
OWNER=00
CLASS=0001
RRTTL=00000001
RTYPE=002B
RDATA=0000000000
------
OWNER=00
CLASS=0001
RRTTL=00000001
RTYPE=002B
RDATA=0000000000
------
OWNER=00
CLASS=0001
RRTTL=00000001
RTYPE=002B
RDATA=0000000000
------
WARNG=ZSCANNER_EBAD_NUMBER
------
WARNG=ZSCANNER_EBAD_NUMBER
------
WARNG=ZSCANNER_EBAD_HEX_CHAR
------
WARNG=ZSCANNER_EBAD_NUMBER
------
WARNG=ZSCANNER_ENUMBER16_OVERFLOW
------
WARNG=ZSCANNER_ENUMBER8_OVERFLOW
------
WARNG=ZSCANNER_ENUMBER8_OVERFLOW
------
WARNG=ZSCANNER_EBAD_HEX_CHAR
------
WARNG=ZSCANNER_EBAD_HEX_CHAR
------
WARNG=ZSCANNER_EBAD_HEX_CHAR
------
WARNG=ZSCANNER_EBAD_HEX_CHAR
------
WARNG=ZSCANNER_EBAD_RDATA_LENGTH
------
WARNG=ZSCANNER_EBAD_RDATA_LENGTH
------
