OWNER=00
CLASS=0001
RRTTL=00000001
RTYPE=002D
RDATA=000000
------
OWNER=00
CLASS=0001
RRTTL=00000001
RTYPE=002D
RDATA=FF03FF0000
------
OWNER=00
CLASS=0001
RRTTL=00000001
RTYPE=002D
RDATA=00010000000000
------
OWNER=00
CLASS=0001
RRTTL=00000001
RTYPE=002D
RDATA=00020000000000000000000000000000000000
------
OWNER=00
CLASS=0001
RRTTL=00000001
RTYPE=002D
RDATA=000300082030205C222E402A03746C6400
------
OWNER=00
CLASS=0001
RRTTL=00000001
RTYPE=002D
RDATA=000001666F
------
OWNER=00
CLASS=0001
RRTTL=00000001
RTYPE=002D
RDATA=000001666F6F
------
OWNER=00
CLASS=0001
RRTTL=00000001
RTYPE=002D
RDATA=000001666F6F62
------
OWNER=00
CLASS=0001
RRTTL=00000001
RTYPE=002D
RDATA=000001666F6F6261
------
OWNER=00
CLASS=0001
RRTTL=00000001
RTYPE=002D
RDATA=000000
------
OWNER=00
CLASS=0001
RRTTL=00000001
RTYPE=002D
RDATA=00000100
------
OWNER=00
CLASS=0001
RRTTL=00000001
RTYPE=002D
RDATA=00000100
------
WARNG=ZSCANNER_EBAD_NUMBER
------
WARNG=ZSCANNER_EBAD_NUMBER
------
WARNG=ZSCANNER_EBAD_HEX_CHAR
------
WARNG=ZSCANNER_EBAD_NUMBER
------
WARNG=ZSCANNER_ENUMBER8_OVERFLOW
------
WARNG=ZSCANNER_EBAD_GATEWAY
------
WARNG=ZSCANNER_ENUMBER8_OVERFLOW
------
WARNG=ZSCANNER_EBAD_GATEWAY_KEY
------
WARNG=ZSCANNER_EBAD_GATEWAY
------
WARNG=ZSCANNER_EBAD_BASE64_CHAR
------
WARNG=ZSCANNER_EBAD_GATEWAY_KEY
------
WARNG=ZSCANNER_EBAD_NUMBER
------
WARNG=ZSCANNER_EBAD_RDATA_LENGTH
------
WARNG=ZSCANNER_EBAD_RDATA_LENGTH
------
