OWNER=00
CLASS=0001
RRTTL=00000001
RTYPE=002E
RDATA=000000000000000000000000000000000000 00 00
------
OWNER=00
CLASS=0001
RRTTL=00000001
RTYPE=002E
RDATA=000102030000000400000005000000060007 010800 09
------
OWNER=00
CLASS=0001
RRTTL=00000001
RTYPE=002E
RDATA=FFFFFFFFFFFFFFFFFFFFFFFFFFFFFFFFFFFF 00 00
------
OWNER=00
CLASS=0001
RRTTL=00000001
RTYPE=002E
RDATA=000001000000000000000000000000000000 00 00
------
OWNER=00
CLASS=0001
RRTTL=00000001
RTYPE=002E
RDATA=000100000000000000000000000000000000 00 00
------
OWNER=00
CLASS=0001
RRTTL=00000001
RTYPE=002E
RDATA=000100000000000000000000FFCEDD7F0000 00 00
------
OWNER=00
CLASS=0001
RRTTL=00000001
RTYPE=002E
RDATA=000000000000000000000000000000000000 082030205C222E402A03746C6400 00
------
OWNER=00
CLASS=0001
RRTTL=00000001
RTYPE=002E
RDATA=000100000000000000000000000000000000 00 666F
------
OWNER=00
CLASS=0001
RRTTL=00000001
RTYPE=002E
RDATA=000100000000000000000000000000000000 00 666F6F
------
OWNER=00
CLASS=0001
RRTTL=00000001
RTYPE=002E
RDATA=000100000000000000000000000000000000 00 666F6F62
------
OWNER=00
CLASS=0001
RRTTL=00000001
RTYPE=002E
RDATA=000100000000000000000000000000000000 00 666F6F6261
------
OWNER=00
CLASS=0001
RRTTL=00000001
RTYPE=002E
RDATA=000100000000000000000000000000000000 00 00
------
OWNER=00
CLASS=0001
RRTTL=00000001
RTYPE=002E
RDATA=000100000000000000000000000000000000 00 00
------
OWNER=00
CLASS=0001
RRTTL=00000001
RTYPE=002E
RDATA=000100000000000000000000000000000000 00 00
------
WARNG=ZSCANNER_EUNSUPPORTED_TYPE
------
WARNG=ZSCANNER_EUNSUPPORTED_TYPE
------
WARNG=ZSCANNER_EBAD_HEX_CHAR
------
WARNG=ZSCANNER_EBAD_NUMBER
------
WARNG=ZSCANNER_EUNSUPPORTED_TYPE
------
WARNG=ZSCANNER_ENUMBER16_OVERFLOW
------
WARNG=ZSCANNER_ENUMBER8_OVERFLOW
------
WARNG=ZSCANNER_ENUMBER8_OVERFLOW
------
WARNG=ZSCANNER_ENUMBER32_OVERFLOW
------
WARNG=ZSCANNER_ENUMBER32_OVERFLOW
------
WARNG=ZSCANNER_ENUMBER32_OVERFLOW
------
WARNG=ZSCANNER_ENUMBER16_OVERFLOW
------
WARNG=ZSCANNER_EBAD_DATE
------
WARNG=ZSCANNER_EBAD_TIMESTAMP_CHAR
------
WARNG=ZSCANNER_EBAD_TIMESTAMP_LENGTH
------
WARNG=ZSCANNER_EBAD_DNAME_CHAR
------
WARNG=ZSCANNER_EBAD_BASE64_CHAR
------
WARNG=ZSCANNER_EBAD_BASE64_CHAR
------
WARNG=ZSCANNER_EBAD_BASE64_CHAR
------
WARNG=ZSCANNER_EBAD_BASE64_CHAR
------
WARNG=ZSCANNER_EBAD_BASE64_CHAR
------
WARNG=ZSCANNER_EBAD_RDATA
------
WARNG=ZSCANNER_EBAD_RDATA
------
WARNG=ZSCANNER_EBAD_RDATA
------
WARNG=ZSCANNER_EBAD_RDATA
------
WARNG=ZSCANNER_EBAD_RDATA
------
WARNG=ZSCANNER_EBAD_RDATA_LENGTH
------
WARNG=ZSCANNER_EBAD_RDATA_LENGTH
------
