OWNER=00
CLASS=0001
RRTTL=00000001
RTYPE=002F
RDATA=00 
------
OWNER=00
CLASS=0001
RRTTL=00000001
RTYPE=002F
RDATA=082030205C222E402A03746C6400 
------
OWNER=00
CLASS=0001
RRTTL=00000001
RTYPE=002F
RDATA=00 000180
------
OWNER=00
CLASS=0001
RRTTL=00000001
RTYPE=002F
RDATA=00 FF200000000000000000000000000000000000000000000000000000000000000001
------
OWNER=00
CLASS=0001
RRTTL=00000001
RTYPE=002F
RDATA=00 0001E0
------
OWNER=00
CLASS=0001
RRTTL=00000001
RTYPE=002F
RDATA=00 000180010180020180800180
------
OWNER=00
CLASS=0001
RRTTL=00000001
RTYPE=002F
RDATA=00 
------
OWNER=00
CLASS=0001
RRTTL=00000001
RTYPE=002F
RDATA=00 
------
OWNER=00
CLASS=0001
RRTTL=00000001
RTYPE=002F
RDATA=00 
------
WARNG=ZSCANNER_EBAD_RDATA
------
WARNG=ZSCANNER_EBAD_RDATA
------
WARNG=ZSCANNER_EBAD_HEX_CHAR
------
WARNG=ZSCANNER_EBAD_NUMBER
------
WARNG=ZSCANNER_ENUMBER16_OVERFLOW
------
WARNG=ZSCANNER_EBAD_BITMAP
------
WARNG=ZSCANNER_EBAD_RDATA_LENGTH
------
WARNG=ZSCANNER_EBAD_RDATA_LENGTH
------
