OWNER=00
CLASS=0001
RRTTL=00000001
RTYPE=0031
RDATA=00
------
OWNER=00
CLASS=0001
RRTTL=00000001
RTYPE=0031
RDATA=666F
------
OWNER=00
CLASS=0001
RRTTL=00000001
RTYPE=0031
RDATA=666F6F
------
OWNER=00
CLASS=0001
RRTTL=00000001
RTYPE=0031
RDATA=666F6F62
------
OWNER=00
CLASS=0001
RRTTL=00000001
RTYPE=0031
RDATA=666F6F6261
------
OWNER=00
CLASS=0001
RRTTL=00000001
RTYPE=0031
RDATA=00
------
OWNER=00
CLASS=0001
RRTTL=00000001
RTYPE=0031
RDATA=00
------
OWNER=00
CLASS=0001
RRTTL=00000001
RTYPE=0031
RDATA=00
------
WARNG=ZSCANNER_EBAD_RDATA
------
WARNG=ZSCANNER_EBAD_RDATA
------
WARNG=ZSCANNER_EBAD_HEX_CHAR
------
WARNG=ZSCANNER_EBAD_NUMBER
------
WARNG=ZSCANNER_EBAD_BASE64_CHAR
------
WARNG=ZSCANNER_EBAD_BASE64_CHAR
------
WARNG=ZSCANNER_EBAD_BASE64_CHAR
------
WARNG=ZSCANNER_EBAD_BASE64_CHAR
------
WARNG=ZSCANNER_EBAD_BASE64_CHAR
------
WARNG=ZSCANNER_EBAD_RDATA
------
WARNG=ZSCANNER_EBAD_RDATA
------
WARNG=ZSCANNER_EBAD_RDATA
------
WARNG=ZSCANNER_EBAD_RDATA
------
WARNG=ZSCANNER_EBAD_RDATA_LENGTH
------
WARNG=ZSCANNER_EBAD_RDATA_LENGTH
------
