OWNER=00
CLASS=0001
RRTTL=00000001
RTYPE=0032
RDATA=00000000000100
------
OWNER=00
CLASS=0001
RRTTL=00000001
RTYPE=0032
RDATA=FFFFFFFF000100
------
OWNER=00
CLASS=0001
RRTTL=00000001
RTYPE=0032
RDATA=000000000200FF0100
------
OWNER=00
CLASS=0001
RRTTL=00000001
RTYPE=0032
RDATA=00000000000100
------
OWNER=00
CLASS=0001
RRTTL=00000001
RTYPE=0032
RDATA=000000000002666F
------
OWNER=00
CLASS=0001
RRTTL=00000001
RTYPE=0032
RDATA=000000000003666F6F
------
OWNER=00
CLASS=0001
RRTTL=00000001
RTYPE=0032
RDATA=000000000004666F6F62
------
OWNER=00
CLASS=0001
RRTTL=00000001
RTYPE=0032
RDATA=000000000005666F6F6261
------
OWNER=00
CLASS=0001
RRTTL=00000001
RTYPE=0032
RDATA=000000000006666F6F626172
------
OWNER=00
CLASS=0001
RRTTL=00000001
RTYPE=0032
RDATA=00000000000100000180
------
OWNER=00
CLASS=0001
RRTTL=00000001
RTYPE=0032
RDATA=00000000000100FF200000000000000000000000000000000000000000000000000000000000000001
------
OWNER=00
CLASS=0001
RRTTL=00000001
RTYPE=0032
RDATA=000000000001000001E0
------
OWNER=00
CLASS=0001
RRTTL=00000001
RTYPE=0032
RDATA=00000000000100000180010180020180800180
------
OWNER=00
CLASS=0001
RRTTL=00000001
RTYPE=0032
RDATA=00000000000100
------
OWNER=00
CLASS=0001
RRTTL=00000001
RTYPE=0032
RDATA=00000000000100
------
OWNER=00
CLASS=0001
RRTTL=00000001
RTYPE=0032
RDATA=00000000000100
------
WARNG=ZSCANNER_EBAD_NUMBER
------
WARNG=ZSCANNER_EBAD_NUMBER
------
WARNG=ZSCANNER_EBAD_HEX_CHAR
------
WARNG=ZSCANNER_EBAD_NUMBER
------
WARNG=ZSCANNER_ENUMBER8_OVERFLOW
------
WARNG=ZSCANNER_ENUMBER8_OVERFLOW
------
WARNG=ZSCANNER_ENUMBER16_OVERFLOW
------
WARNG=ZSCANNER_EBAD_HEX_CHAR
------
WARNG=ZSCANNER_EBAD_HEX_CHAR
------
WARNG=ZSCANNER_EBAD_BASE32HEX_CHAR
------
WARNG=ZSCANNER_EBAD_BASE32HEX_CHAR
------
WARNG=ZSCANNER_EBAD_BASE32HEX_CHAR
------
WARNG=ZSCANNER_EBAD_BASE32HEX_CHAR
------
WARNG=ZSCANNER_EBAD_BASE32HEX_CHAR
------
WARNG=ZSCANNER_EBAD_BASE32HEX_CHAR
------
WARNG=ZSCANNER_EBAD_BASE32HEX_CHAR
------
WARNG=ZSCANNER_EBAD_BASE32HEX_CHAR
------
WARNG=ZSCANNER_EBAD_BASE32HEX_CHAR
------
WARNG=ZSCANNER_EBAD_BASE32HEX_CHAR
------
WARNG=ZSCANNER_EBAD_BASE32HEX_CHAR
------
WARNG=ZSCANNER_EBAD_BASE32HEX_CHAR
------
WARNG=ZSCANNER_EBAD_BASE32HEX_CHAR
------
WARNG=ZSCANNER_EBAD_BITMAP
------
WARNG=ZSCANNER_ENUMBER16_OVERFLOW
------
WARNG=ZSCANNER_EBAD_BITMAP
------
WARNG=ZSCANNER_EBAD_RDATA_LENGTH
------
WARNG=ZSCANNER_EBAD_RDATA_LENGTH
------
