OWNER=00
CLASS=0001
RRTTL=00000001
RTYPE=0033
RDATA=0000000000
------
OWNER=00
CLASS=0001
RRTTL=00000001
RTYPE=0033
RDATA=FFFFFFFF00
------
OWNER=00
CLASS=0001
RRTTL=00000001
RTYPE=0033
RDATA=00000000030102FF
------
OWNER=00
CLASS=0001
RRTTL=00000001
RTYPE=0033
RDATA=0000000000
------
OWNER=00
CLASS=0001
RRTTL=00000001
RTYPE=0033
RDATA=0000000000
------
OWNER=00
CLASS=0001
RRTTL=00000001
RTYPE=0033
RDATA=0000000000
------
WARNG=ZSCANNER_EBAD_NUMBER
------
WARNG=ZSCANNER_EBAD_NUMBER
------
WARNG=ZSCANNER_EBAD_HEX_CHAR
------
WARNG=ZSCANNER_EBAD_NUMBER
------
WARNG=ZSCANNER_ENUMBER8_OVERFLOW
------
WARNG=ZSCANNER_ENUMBER8_OVERFLOW
------
WARNG=ZSCANNER_ENUMBER16_OVERFLOW
------
WARNG=ZSCANNER_EBAD_HEX_CHAR
------
WARNG=ZSCANNER_EBAD_HEX_CHAR
------
WARNG=ZSCANNER_EBAD_REST
------
WARNG=ZSCANNER_EBAD_REST
------
WARNG=ZSCANNER_EBAD_HEX_CHAR
------
WARNG=ZSCANNER_EBAD_RDATA_LENGTH
------
WARNG=ZSCANNER_EBAD_RDATA_LENGTH
------
