OWNER=00
CLASS=0001
RRTTL=00000001
RTYPE=0034
RDATA=00000000
------
OWNER=00
CLASS=0001
RRTTL=00000001
RTYPE=0034
RDATA=FFFFFF00
------
OWNER=00
CLASS=0001
RRTTL=00000001
RTYPE=0034
RDATA=000000010200FF
------
OWNER=00
CLASS=0001
RRTTL=00000001
RTYPE=0034
RDATA=00000000
------
OWNER=00
CLASS=0001
RRTTL=00000001
RTYPE=0034
RDATA=00000000
------
OWNER=00
CLASS=0001
RRTTL=00000001
RTYPE=0034
RDATA=00000000
------
WARNG=ZSCANNER_EBAD_NUMBER
------
WARNG=ZSCANNER_EBAD_NUMBER
------
WARNG=ZSCANNER_EBAD_HEX_CHAR
------
WARNG=ZSCANNER_EBAD_NUMBER
------
WARNG=ZSCANNER_ENUMBER8_OVERFLOW
------
WARNG=ZSCANNER_ENUMBER8_OVERFLOW
------
WARNG=ZSCANNER_ENUMBER8_OVERFLOW
------
WARNG=ZSCANNER_EBAD_HEX_CHAR
------
WARNG=ZSCANNER_EBAD_HEX_CHAR
------
WARNG=ZSCANNER_EBAD_HEX_CHAR
------
WARNG=ZSCANNER_EBAD_RDATA_LENGTH
------
WARNG=ZSCANNER_EBAD_RDATA_LENGTH
------
