OWNER=00
CLASS=0001
RRTTL=00000001
RTYPE=001D
RDATA=001216138036EE808036EE8000989680
------
OWNER=00
CLASS=0001
RRTTL=00000001
RTYPE=001D
RDATA=001216138000EA608036EE8000989680
------
OWNER=00
CLASS=0001
RRTTL=00000001
RTYPE=001D
RDATA=00121613800003E88036EE8000989680
------
OWNER=00
CLASS=0001
RRTTL=00000001
RTYPE=001D
RDATA=001216138036EE808000EA6000989680
------
OWNER=00
CLASS=0001
RRTTL=00000001
RTYPE=001D
RDATA=001216138036EE80800003E800989680
------
OWNER=00
CLASS=0001
RRTTL=00000001
RTYPE=001D
RDATA=001216138036EE80800003E800989680
------
OWNER=00
CLASS=0001
RRTTL=00000001
RTYPE=001D
RDATA=001216138036EE808036EE8000989680
------
OWNER=00
CLASS=0001
RRTTL=00000001
RTYPE=001D
RDATA=001216138036EE808036EE8000989680
------
OWNER=00
CLASS=0001
RRTTL=00000001
RTYPE=001D
RDATA=000012138036EE808036EE8000989680
------
OWNER=00
CLASS=0001
RRTTL=00000001
RTYPE=001D
RDATA=000012138036EE808036EE8000989680
------
OWNER=00
CLASS=0001
RRTTL=00000001
RTYPE=001D
RDATA=000000128036EE808036EE8000989680
------
OWNER=00
CLASS=0001
RRTTL=00000001
RTYPE=001D
RDATA=000000128036EE808036EE8000989680
------
OWNER=00
CLASS=0001
RRTTL=00000001
RTYPE=001D
RDATA=00000000800000008000000000000000
------
OWNER=00
CLASS=0001
RRTTL=00000001
RTYPE=001D
RDATA=009999996C79388159295F81FFFFFFFF
------
OWNER=00
CLASS=0001
RRTTL=00000001
RTYPE=001D
RDATA=00121613800000007FFFFFFF00989680
------
OWNER=00
CLASS=0001
RRTTL=00000001
RTYPE=001D
RDATA=00121613800000007FFFFFF600989680
------
OWNER=00
CLASS=0001
RRTTL=00000001
RTYPE=001D
RDATA=00121613800000007FFFFF9C00989680
------
OWNER=00
CLASS=0001
RRTTL=00000001
RTYPE=001D
RDATA=00121613800000007FFFFC1800989680
------
OWNER=00
CLASS=0001
RRTTL=00000001
RTYPE=001D
RDATA=00121613800000007FFFD8F000989680
------
OWNER=00
CLASS=0001
RRTTL=00000001
RTYPE=001D
RDATA=00101613800000008000000000989680
------
OWNER=00
CLASS=0001
RRTTL=00000001
RTYPE=001D
RDATA=00111613800000008000000000989680
------
OWNER=00
CLASS=0001
RRTTL=00000001
RTYPE=001D
RDATA=00121613800000008000000000989680
------
OWNER=00
CLASS=0001
RRTTL=00000001
RTYPE=001D
RDATA=00131613800000008000000000989680
------
OWNER=00
CLASS=0001
RRTTL=00000001
RTYPE=001D
RDATA=00141613800000008000000000989680
------
OWNER=00
CLASS=0001
RRTTL=00000001
RTYPE=001D
RDATA=00151613800000008000000000989680
------
OWNER=00
CLASS=0001
RRTTL=00000001
RTYPE=001D
RDATA=00161613800000008000000000989680
------
OWNER=00
CLASS=0001
RRTTL=00000001
RTYPE=001D
RDATA=00171613800000008000000000989680
------
OWNER=00
CLASS=0001
RRTTL=00000001
RTYPE=001D
RDATA=00181613800000008000000000989680
------
OWNER=00
CLASS=0001
RRTTL=00000001
RTYPE=001D
RDATA=00191613800000008000000000989680
------
OWNER=00
CLASS=0001
RRTTL=00000001
RTYPE=001D
RDATA=00000000000000000000000000000000
------
OWNER=00
CLASS=0001
RRTTL=00000001
RTYPE=001D
RDATA=00000000000000000000000000000000
------
OWNER=00
CLASS=0001
RRTTL=00000001
RTYPE=001D
RDATA=00121613800000008000000000989680
------
OWNER=00
CLASS=0001
RRTTL=00000001
RTYPE=001D
RDATA=00121613800000008000000000989680
------
WARNG=ZSCANNER_EBAD_LOC_DATA
------
WARNG=ZSCANNER_EBAD_LOC_DATA
------
WARNG=ZSCANNER_EBAD_HEX_CHAR
------
WARNG=ZSCANNER_EBAD_NUMBER
------
WARNG=ZSCANNER_EBAD_NUMBER
------
WARNG=ZSCANNER_EBAD_NUMBER
------
WARNG=ZSCANNER_EBAD_NUMBER
------
WARNG=ZSCANNER_EBAD_NUMBER
------
WARNG=ZSCANNER_EBAD_NUMBER
------
WARNG=ZSCANNER_EBAD_NUMBER
------
WARNG=ZSCANNER_EBAD_NUMBER
------
WARNG=ZSCANNER_EBAD_NUMBER
------
WARNG=ZSCANNER_EBAD_NUMBER
------
WARNG=ZSCANNER_EBAD_NUMBER
------
WARNG=ZSCANNER_EBAD_NUMBER
------
WARNG=ZSCANNER_EBAD_NUMBER
------
WARNG=ZSCANNER_EBAD_NUMBER
------
WARNG=ZSCANNER_EBAD_NUMBER
------
WARNG=ZSCANNER_EBAD_NUMBER
------
WARNG=ZSCANNER_EBAD_NUMBER
------
WARNG=ZSCANNER_EBAD_LOC_DATA
------
WARNG=ZSCANNER_EBAD_LOC_DATA
------
WARNG=ZSCANNER_EBAD_LOC_DATA
------
WARNG=ZSCANNER_EBAD_LOC_DATA
------
WARNG=ZSCANNER_EBAD_LOC_DATA
------
WARNG=ZSCANNER_EBAD_LOC_DATA
------
WARNG=ZSCANNER_EBAD_HEX_RDATA
------
WARNG=ZSCANNER_EBAD_RDATA_LENGTH
------
