OWNER=00
CLASS=0001
RRTTL=00000001
RTYPE=006C
RDATA=000000000000
------
OWNER=00
CLASS=0001
RRTTL=00000001
RTYPE=006C
RDATA=FFFFFFFFFFFF
------
OWNER=00
CLASS=0001
RRTTL=00000001
RTYPE=006C
RDATA=AABBCCDDEEFF
------
OWNER=00
CLASS=0001
RRTTL=00000001
RTYPE=006C
RDATA=000000000000
------
OWNER=00
CLASS=0001
RRTTL=00000001
RTYPE=006C
RDATA=000000000000
------
OWNER=00
CLASS=0001
RRTTL=00000001
RTYPE=006C
RDATA=000000000000
------
OWNER=00
CLASS=0001
RRTTL=00000001
RTYPE=006C
RDATA=000000000000
------
WARNG=ZSCANNER_EBAD_HEX_CHAR
------
WARNG=ZSCANNER_EBAD_HEX_CHAR
------
WARNG=ZSCANNER_EBAD_HEX_CHAR
------
WARNG=ZSCANNER_EBAD_NUMBER
------
WARNG=ZSCANNER_EBAD_EUI_LENGTH
------
WARNG=ZSCANNER_EBAD_EUI_LENGTH
------
WARNG=ZSCANNER_EBAD_HEX_CHAR
------
WARNG=ZSCANNER_EBAD_CHAR_DASH
------
WARNG=ZSCANNER_EBAD_HEX_CHAR
------
WARNG=ZSCANNER_EBAD_REST
------
WARNG=ZSCANNER_EBAD_HEX_RDATA
------
WARNG=ZSCANNER_EBAD_RDATA_LENGTH
------
