OWNER=00
CLASS=0001
RRTTL=00000001
RTYPE=0068
RDATA=00000000000000000000
------
OWNER=00
CLASS=0001
RRTTL=00000001
RTYPE=0068
RDATA=00000000000000000000
------
OWNER=00
CLASS=0001
RRTTL=00000001
RTYPE=0068
RDATA=00000000000000000000
------
OWNER=00
CLASS=0001
RRTTL=00000001
RTYPE=0068
RDATA=00000000000000000000
------
OWNER=00
CLASS=0001
RRTTL=00000001
RTYPE=0068
RDATA=00000000000000000000
------
WARNG=ZSCANNER_EBAD_NUMBER
------
