OWNER=00
CLASS=0001
RRTTL=00000001
RTYPE=0069
RDATA=000000000000
------
OWNER=00
CLASS=0001
RRTTL=00000001
RTYPE=0069
RDATA=FFFFFFFFFFFF
------
OWNER=00
CLASS=0001
RRTTL=00000001
RTYPE=0069
RDATA=000000000000
------
OWNER=00
CLASS=0001
RRTTL=00000001
RTYPE=0069
RDATA=000000000000
------
OWNER=00
CLASS=0001
RRTTL=00000001
RTYPE=0069
RDATA=000000000000
------
OWNER=00
CLASS=0001
RRTTL=00000001
RTYPE=0069
RDATA=000000000000
------
WARNG=ZSCANNER_EBAD_NUMBER
------
WARNG=ZSCANNER_EBAD_NUMBER
------
WARNG=ZSCANNER_EBAD_HEX_CHAR
------
WARNG=ZSCANNER_EBAD_NUMBER
------
WARNG=ZSCANNER_ENUMBER16_OVERFLOW
------
WARNG=ZSCANNER_EBAD_IPV4
------
WARNG=ZSCANNER_EBAD_IPV4
------
WARNG=ZSCANNER_EBAD_IPV4
------
WARNG=ZSCANNER_EBAD_ADDRESS_CHAR
------
WARNG=ZSCANNER_EBAD_REST
------
WARNG=ZSCANNER_EBAD_HEX_RDATA
------
WARNG=ZSCANNER_EBAD_RDATA_LENGTH
------
