OWNER=00
CLASS=0001
RRTTL=00000001
RTYPE=006A
RDATA=00000000000000000000
------
OWNER=00
CLASS=0001
RRTTL=00000001
RTYPE=006A
RDATA=FFFFFFFFFFFFFFFFFFFF
------
OWNER=00
CLASS=0001
RRTTL=00000001
RTYPE=006A
RDATA=0000ABCDEF0000000000
------
OWNER=00
CLASS=0001
RRTTL=00000001
RTYPE=006A
RDATA=00000000000000000000
------
OWNER=00
CLASS=0001
RRTTL=00000001
RTYPE=006A
RDATA=00000000000000000000
------
OWNER=00
CLASS=0001
RRTTL=00000001
RTYPE=006A
RDATA=00000000000000000000
------
OWNER=00
CLASS=0001
RRTTL=00000001
RTYPE=006A
RDATA=00000000000000000000
------
WARNG=ZSCANNER_EBAD_NUMBER
------
WARNG=ZSCANNER_EBAD_NUMBER
------
WARNG=ZSCANNER_EBAD_HEX_CHAR
------
WARNG=ZSCANNER_EBAD_NUMBER
------
WARNG=ZSCANNER_ENUMBER16_OVERFLOW
------
WARNG=ZSCANNER_EBAD_L64_LENGTH
------
WARNG=ZSCANNER_EBAD_L64_LENGTH
------
WARNG=ZSCANNER_EBAD_HEX_CHAR
------
WARNG=ZSCANNER_EBAD_CHAR_COLON
------
WARNG=ZSCANNER_EBAD_HEX_CHAR
------
WARNG=ZSCANNER_EBAD_REST
------
WARNG=ZSCANNER_EBAD_HEX_RDATA
------
WARNG=ZSCANNER_EBAD_RDATA_LENGTH
------
